Archive member included to satisfy reference by file (symbol)

/opt/tools/riscv/lib/gcc/riscv32-unknown-elf/8.3.0/libgcc.a(_divdi3.o)
                              firmware/multest.o (__divdi3)
/opt/tools/riscv/lib/gcc/riscv32-unknown-elf/8.3.0/libgcc.a(_moddi3.o)
                              firmware/multest.o (__moddi3)
/opt/tools/riscv/lib/gcc/riscv32-unknown-elf/8.3.0/libgcc.a(_udivdi3.o)
                              firmware/multest.o (__udivdi3)
/opt/tools/riscv/lib/gcc/riscv32-unknown-elf/8.3.0/libgcc.a(_umoddi3.o)
                              firmware/multest.o (__umoddi3)
/opt/tools/riscv/lib/gcc/riscv32-unknown-elf/8.3.0/libgcc.a(muldi3.o)
                              firmware/multest.o (__mulsi3)
/opt/tools/riscv/lib/gcc/riscv32-unknown-elf/8.3.0/libgcc.a(multi3.o)
                              firmware/multest.o (__muldi3)
/opt/tools/riscv/lib/gcc/riscv32-unknown-elf/8.3.0/libgcc.a(div.o)
                              /opt/tools/riscv/lib/gcc/riscv32-unknown-elf/8.3.0/libgcc.a(_divdi3.o) (__divsi3)
/opt/tools/riscv/lib/gcc/riscv32-unknown-elf/8.3.0/libgcc.a(_clz.o)
                              /opt/tools/riscv/lib/gcc/riscv32-unknown-elf/8.3.0/libgcc.a(_divdi3.o) (__clz_tab)

Discarded input sections

 .debug_info    0x0000000000000000     0x1373 /opt/tools/riscv/lib/gcc/riscv32-unknown-elf/8.3.0/libgcc.a(_divdi3.o)
 .debug_abbrev  0x0000000000000000      0x2f8 /opt/tools/riscv/lib/gcc/riscv32-unknown-elf/8.3.0/libgcc.a(_divdi3.o)
 .debug_loc     0x0000000000000000      0x97b /opt/tools/riscv/lib/gcc/riscv32-unknown-elf/8.3.0/libgcc.a(_divdi3.o)
 .debug_aranges
                0x0000000000000000       0x20 /opt/tools/riscv/lib/gcc/riscv32-unknown-elf/8.3.0/libgcc.a(_divdi3.o)
 .debug_ranges  0x0000000000000000       0xf8 /opt/tools/riscv/lib/gcc/riscv32-unknown-elf/8.3.0/libgcc.a(_divdi3.o)
 .debug_line    0x0000000000000000      0x9c7 /opt/tools/riscv/lib/gcc/riscv32-unknown-elf/8.3.0/libgcc.a(_divdi3.o)
 .debug_str     0x0000000000000000      0x86a /opt/tools/riscv/lib/gcc/riscv32-unknown-elf/8.3.0/libgcc.a(_divdi3.o)
 .debug_info    0x0000000000000000     0x13ae /opt/tools/riscv/lib/gcc/riscv32-unknown-elf/8.3.0/libgcc.a(_moddi3.o)
 .debug_abbrev  0x0000000000000000      0x2ef /opt/tools/riscv/lib/gcc/riscv32-unknown-elf/8.3.0/libgcc.a(_moddi3.o)
 .debug_loc     0x0000000000000000      0x8f8 /opt/tools/riscv/lib/gcc/riscv32-unknown-elf/8.3.0/libgcc.a(_moddi3.o)
 .debug_aranges
                0x0000000000000000       0x20 /opt/tools/riscv/lib/gcc/riscv32-unknown-elf/8.3.0/libgcc.a(_moddi3.o)
 .debug_ranges  0x0000000000000000       0xe0 /opt/tools/riscv/lib/gcc/riscv32-unknown-elf/8.3.0/libgcc.a(_moddi3.o)
 .debug_line    0x0000000000000000      0x9e5 /opt/tools/riscv/lib/gcc/riscv32-unknown-elf/8.3.0/libgcc.a(_moddi3.o)
 .debug_str     0x0000000000000000      0x86a /opt/tools/riscv/lib/gcc/riscv32-unknown-elf/8.3.0/libgcc.a(_moddi3.o)
 .debug_info    0x0000000000000000     0x133d /opt/tools/riscv/lib/gcc/riscv32-unknown-elf/8.3.0/libgcc.a(_udivdi3.o)
 .debug_abbrev  0x0000000000000000      0x2e0 /opt/tools/riscv/lib/gcc/riscv32-unknown-elf/8.3.0/libgcc.a(_udivdi3.o)
 .debug_loc     0x0000000000000000      0xba9 /opt/tools/riscv/lib/gcc/riscv32-unknown-elf/8.3.0/libgcc.a(_udivdi3.o)
 .debug_aranges
                0x0000000000000000       0x20 /opt/tools/riscv/lib/gcc/riscv32-unknown-elf/8.3.0/libgcc.a(_udivdi3.o)
 .debug_ranges  0x0000000000000000      0x110 /opt/tools/riscv/lib/gcc/riscv32-unknown-elf/8.3.0/libgcc.a(_udivdi3.o)
 .debug_line    0x0000000000000000      0x900 /opt/tools/riscv/lib/gcc/riscv32-unknown-elf/8.3.0/libgcc.a(_udivdi3.o)
 .debug_str     0x0000000000000000      0x86b /opt/tools/riscv/lib/gcc/riscv32-unknown-elf/8.3.0/libgcc.a(_udivdi3.o)
 .debug_info    0x0000000000000000     0x1387 /opt/tools/riscv/lib/gcc/riscv32-unknown-elf/8.3.0/libgcc.a(_umoddi3.o)
 .debug_abbrev  0x0000000000000000      0x2e8 /opt/tools/riscv/lib/gcc/riscv32-unknown-elf/8.3.0/libgcc.a(_umoddi3.o)
 .debug_loc     0x0000000000000000      0x905 /opt/tools/riscv/lib/gcc/riscv32-unknown-elf/8.3.0/libgcc.a(_umoddi3.o)
 .debug_aranges
                0x0000000000000000       0x20 /opt/tools/riscv/lib/gcc/riscv32-unknown-elf/8.3.0/libgcc.a(_umoddi3.o)
 .debug_ranges  0x0000000000000000       0xe8 /opt/tools/riscv/lib/gcc/riscv32-unknown-elf/8.3.0/libgcc.a(_umoddi3.o)
 .debug_line    0x0000000000000000      0x92e /opt/tools/riscv/lib/gcc/riscv32-unknown-elf/8.3.0/libgcc.a(_umoddi3.o)
 .debug_str     0x0000000000000000      0x86b /opt/tools/riscv/lib/gcc/riscv32-unknown-elf/8.3.0/libgcc.a(_umoddi3.o)
 .debug_line    0x0000000000000000       0x92 /opt/tools/riscv/lib/gcc/riscv32-unknown-elf/8.3.0/libgcc.a(muldi3.o)
 .debug_info    0x0000000000000000       0x26 /opt/tools/riscv/lib/gcc/riscv32-unknown-elf/8.3.0/libgcc.a(muldi3.o)
 .debug_abbrev  0x0000000000000000       0x14 /opt/tools/riscv/lib/gcc/riscv32-unknown-elf/8.3.0/libgcc.a(muldi3.o)
 .debug_aranges
                0x0000000000000000       0x20 /opt/tools/riscv/lib/gcc/riscv32-unknown-elf/8.3.0/libgcc.a(muldi3.o)
 .debug_str     0x0000000000000000       0x9c /opt/tools/riscv/lib/gcc/riscv32-unknown-elf/8.3.0/libgcc.a(muldi3.o)
 .debug_info    0x0000000000000000      0xd15 /opt/tools/riscv/lib/gcc/riscv32-unknown-elf/8.3.0/libgcc.a(multi3.o)
 .debug_abbrev  0x0000000000000000      0x26f /opt/tools/riscv/lib/gcc/riscv32-unknown-elf/8.3.0/libgcc.a(multi3.o)
 .debug_loc     0x0000000000000000      0x176 /opt/tools/riscv/lib/gcc/riscv32-unknown-elf/8.3.0/libgcc.a(multi3.o)
 .debug_aranges
                0x0000000000000000       0x20 /opt/tools/riscv/lib/gcc/riscv32-unknown-elf/8.3.0/libgcc.a(multi3.o)
 .debug_line    0x0000000000000000      0x401 /opt/tools/riscv/lib/gcc/riscv32-unknown-elf/8.3.0/libgcc.a(multi3.o)
 .debug_str     0x0000000000000000      0x83e /opt/tools/riscv/lib/gcc/riscv32-unknown-elf/8.3.0/libgcc.a(multi3.o)
 .debug_frame   0x0000000000000000       0x2c /opt/tools/riscv/lib/gcc/riscv32-unknown-elf/8.3.0/libgcc.a(multi3.o)
 .debug_line    0x0000000000000000      0x168 /opt/tools/riscv/lib/gcc/riscv32-unknown-elf/8.3.0/libgcc.a(div.o)
 .debug_info    0x0000000000000000       0x26 /opt/tools/riscv/lib/gcc/riscv32-unknown-elf/8.3.0/libgcc.a(div.o)
 .debug_abbrev  0x0000000000000000       0x14 /opt/tools/riscv/lib/gcc/riscv32-unknown-elf/8.3.0/libgcc.a(div.o)
 .debug_aranges
                0x0000000000000000       0x20 /opt/tools/riscv/lib/gcc/riscv32-unknown-elf/8.3.0/libgcc.a(div.o)
 .debug_str     0x0000000000000000       0x99 /opt/tools/riscv/lib/gcc/riscv32-unknown-elf/8.3.0/libgcc.a(div.o)
 .debug_info    0x0000000000000000      0xb6a /opt/tools/riscv/lib/gcc/riscv32-unknown-elf/8.3.0/libgcc.a(_clz.o)
 .debug_abbrev  0x0000000000000000      0x1e8 /opt/tools/riscv/lib/gcc/riscv32-unknown-elf/8.3.0/libgcc.a(_clz.o)
 .debug_aranges
                0x0000000000000000       0x18 /opt/tools/riscv/lib/gcc/riscv32-unknown-elf/8.3.0/libgcc.a(_clz.o)
 .debug_line    0x0000000000000000      0x1ee /opt/tools/riscv/lib/gcc/riscv32-unknown-elf/8.3.0/libgcc.a(_clz.o)
 .debug_str     0x0000000000000000      0x7a6 /opt/tools/riscv/lib/gcc/riscv32-unknown-elf/8.3.0/libgcc.a(_clz.o)

Memory Configuration

Name             Origin             Length             Attributes
mem              0x0000000000000000 0x00000000001f8000
*default*        0x0000000000000000 0xffffffffffffffff

Linker script and memory map


.memory         0x0000000000000000     0xce8c
                0x0000000000000000                . = 0x0
 start*(.text)
 *(.text)
 .text          0x0000000000000000      0x4dc firmware/start.o
                0x0000000000000458                srli_ret
                0x0000000000000458                bgeu_ret
                0x0000000000000458                lbu_ret
                0x0000000000000458                andi_ret
                0x0000000000000458                div_ret
                0x0000000000000458                ori_ret
                0x0000000000000458                mulhsu_ret
                0x0000000000000458                blt_ret
                0x0000000000000458                lb_ret
                0x0000000000000458                xor_ret
                0x0000000000000458                slt_ret
                0x0000000000000458                lw_ret
                0x0000000000000458                jalr_ret
                0x0000000000000458                add_ret
                0x0000000000000458                xori_ret
                0x0000000000000458                srai_ret
                0x0000000000000458                rem_ret
                0x0000000000000458                simple_ret
                0x0000000000000458                mul_ret
                0x0000000000000458                slti_ret
                0x0000000000000458                slli_ret
                0x0000000000000458                lhu_ret
                0x0000000000000458                lui_ret
                0x0000000000000458                or_ret
                0x0000000000000458                sw_ret
                0x0000000000000458                sra_ret
                0x0000000000000458                beq_ret
                0x0000000000000458                remu_ret
                0x0000000000000458                mulh_ret
                0x0000000000000458                and_ret
                0x0000000000000458                mulhu_ret
                0x0000000000000458                bge_ret
                0x0000000000000458                sub_ret
                0x0000000000000458                auipc_ret
                0x0000000000000458                sh_ret
                0x0000000000000458                sll_ret
                0x0000000000000458                jal_ret
                0x0000000000000458                j_ret
                0x0000000000000458                lh_ret
                0x0000000000000458                bne_ret
                0x0000000000000458                sb_ret
                0x0000000000000458                divu_ret
                0x0000000000000458                bltu_ret
                0x0000000000000458                srl_ret
                0x0000000000000458                addi_ret
                0x000000000000049e                hard_mul
                0x00000000000004a4                hard_mulh
                0x00000000000004aa                hard_mulhsu
                0x00000000000004b0                hard_mulhu
                0x00000000000004b6                hard_div
                0x00000000000004bc                hard_divu
                0x00000000000004c2                hard_rem
                0x00000000000004c8                hard_remu
 .text          0x00000000000004dc      0x29a firmware/irq.o
                0x00000000000004dc                irq
 .text          0x0000000000000776       0x90 firmware/print.o
                0x0000000000000776                print_chr
                0x000000000000077e                print_str
                0x0000000000000790                print_dec
                0x00000000000007e0                print_hex
 .text          0x0000000000000806      0x234 firmware/hello.o
                0x0000000000000806                get_num_cycles
                0x000000000000080c                get_num_instr
                0x0000000000000812                hello
 .text          0x0000000000000a3a      0x184 firmware/sieve.o
                0x0000000000000ad4                sieve
 .text          0x0000000000000bbe      0x2ec firmware/multest.o
                0x0000000000000bdc                multest
 .text          0x0000000000000eaa      0x11c firmware/stats.o
                0x0000000000000f3e                stats
 *fill*         0x0000000000000fc6        0x2 
 .text          0x0000000000000fc8      0x540 tests/xor.o
                0x0000000000000fc8                xor
 .text          0x0000000000001508      0x544 tests/or.o
                0x0000000000001508                or
 .text          0x0000000000001a4c      0x4f8 tests/sh.o
                0x0000000000001a4c                sh
 .text          0x0000000000001f44      0x540 tests/sub.o
                0x0000000000001f44                sub
 .text          0x0000000000002484      0x2cc tests/lb.o
                0x0000000000002484                lb
 .text          0x0000000000002750      0x61c tests/sra.o
                0x0000000000002750                sra
 .text          0x0000000000002d6c      0x340 tests/blt.o
                0x0000000000002d6c                blt
 .text          0x00000000000030ac      0x33c tests/srai.o
                0x00000000000030ac                srai
 .text          0x00000000000033e8      0x340 tests/beq.o
                0x00000000000033e8                beq
 .text          0x0000000000003728      0x30c tests/addi.o
                0x0000000000003728                addi
 .text          0x0000000000003a34      0x548 tests/mul.o
                0x0000000000003a34                mul
 .text          0x0000000000003f7c      0x164 tests/divu.o
                0x0000000000003f7c                divu
 .text          0x00000000000040e0      0x30c tests/lw.o
                0x00000000000040e0                lw
 .text          0x00000000000043ec      0x15c tests/div.o
                0x00000000000043ec                div
 .text          0x0000000000004548       0xcc tests/auipc.o
                0x0000000000004548                auipc
 .text          0x0000000000004614      0x474 tests/sb.o
                0x0000000000004614                sb
 .text          0x0000000000004a88      0x3d8 tests/bgeu.o
                0x0000000000004a88                bgeu
 .text          0x0000000000004e60      0x184 tests/jalr.o
                0x0000000000004e60                jalr
 .text          0x0000000000004fe4      0x504 tests/sw.o
                0x0000000000004fe4                sw
 .text          0x00000000000054e8      0x268 tests/xori.o
                0x00000000000054e8                xori
 .text          0x0000000000005750      0x5ec tests/sll.o
                0x0000000000005750                sll
 .text          0x0000000000005d3c      0x54c tests/mulhu.o
                0x0000000000005d3c                mulhu
 .text          0x0000000000006288      0x2f8 tests/slti.o
                0x0000000000006288                slti
 .text          0x0000000000006580      0x548 tests/slt.o
                0x0000000000006580                slt
 .text          0x0000000000006ac8      0x2cc tests/lbu.o
                0x0000000000006ac8                lbu
 .text          0x0000000000006d94      0x300 tests/lhu.o
                0x0000000000006d94                lhu
 .text          0x0000000000007094       0xe0 tests/lui.o
                0x0000000000007094                lui
 .text          0x0000000000007174      0x378 tests/bltu.o
                0x0000000000007174                bltu
 .text          0x00000000000074ec      0x160 tests/remu.o
                0x00000000000074ec                remu
 .text          0x000000000000764c       0x54 tests/simple.o
                0x000000000000764c                simple
 .text          0x00000000000076a0      0x308 tests/slli.o
                0x00000000000076a0                slli
 .text          0x00000000000079a8      0x244 tests/andi.o
                0x00000000000079a8                andi
 .text          0x0000000000007bec      0x25c tests/ori.o
                0x0000000000007bec                ori
 .text          0x0000000000007e48      0x2ec tests/lh.o
                0x0000000000007e48                lh
 .text          0x0000000000008134      0x63c tests/srl.o
                0x0000000000008134                srl
 .text          0x0000000000008770       0xd8 tests/jal.o
                0x0000000000008770                jal
 .text          0x0000000000008848      0x560 tests/add.o
                0x0000000000008848                add
 .text          0x0000000000008da8      0x538 tests/and.o
                0x0000000000008da8                and
 .text          0x00000000000092e0      0x338 tests/srli.o
                0x00000000000092e0                srli
 .text          0x0000000000009618       0xbc tests/j.o
                0x0000000000009618                j
 .text          0x00000000000096d4      0x344 tests/bne.o
                0x00000000000096d4                bne
 .text          0x0000000000009a18      0x3a0 tests/bge.o
                0x0000000000009a18                bge
 .text          0x0000000000009db8      0x15c tests/rem.o
                0x0000000000009db8                rem
 .text          0x0000000000009f14      0x54c tests/mulh.o
                0x0000000000009f14                mulh
 .text          0x000000000000a460      0x54c tests/mulhsu.o
                0x000000000000a460                mulhsu
 .text          0x000000000000a9ac      0x624 /opt/tools/riscv/lib/gcc/riscv32-unknown-elf/8.3.0/libgcc.a(_divdi3.o)
                0x000000000000a9ac                __divdi3
 .text          0x000000000000afd0      0x548 /opt/tools/riscv/lib/gcc/riscv32-unknown-elf/8.3.0/libgcc.a(_moddi3.o)
                0x000000000000afd0                __moddi3
 .text          0x000000000000b518      0x5d4 /opt/tools/riscv/lib/gcc/riscv32-unknown-elf/8.3.0/libgcc.a(_udivdi3.o)
                0x000000000000b518                __udivdi3
 .text          0x000000000000baec      0x4f0 /opt/tools/riscv/lib/gcc/riscv32-unknown-elf/8.3.0/libgcc.a(_umoddi3.o)
                0x000000000000baec                __umoddi3
 .text          0x000000000000bfdc       0x24 /opt/tools/riscv/lib/gcc/riscv32-unknown-elf/8.3.0/libgcc.a(muldi3.o)
                0x000000000000bfdc                __mulsi3
 .text          0x000000000000c000       0x90 /opt/tools/riscv/lib/gcc/riscv32-unknown-elf/8.3.0/libgcc.a(multi3.o)
                0x000000000000c000                __muldi3
 .text          0x000000000000c090       0xb4 /opt/tools/riscv/lib/gcc/riscv32-unknown-elf/8.3.0/libgcc.a(div.o)
                0x000000000000c090                __divsi3
                0x000000000000c098                __udivsi3
                0x000000000000c0e0                __umodsi3
                0x000000000000c114                __modsi3
 .text          0x000000000000c144        0x0 /opt/tools/riscv/lib/gcc/riscv32-unknown-elf/8.3.0/libgcc.a(_clz.o)
 *(*)
 .data          0x000000000000c144        0x0 firmware/start.o
 .bss           0x000000000000c144        0x0 firmware/start.o
 .riscv.attributes
                0x000000000000c144       0x24 firmware/start.o
 .data          0x000000000000c168        0x0 firmware/irq.o
 .bss           0x000000000000c168        0x0 firmware/irq.o
 .rodata.str1.4
                0x000000000000c168      0x167 firmware/irq.o
                                        0x16b (size before relaxing)
 *fill*         0x000000000000c2cf        0x1 
 .sbss          0x000000000000c2d0        0xc firmware/irq.o
 .comment       0x000000000000c2dc       0x11 firmware/irq.o
                                         0x12 (size before relaxing)
 .riscv.attributes
                0x000000000000c2ed       0x21 firmware/irq.o
 .data          0x000000000000c30e        0x0 firmware/print.o
 .bss           0x000000000000c30e        0x0 firmware/print.o
 *fill*         0x000000000000c30e        0x2 
 .rodata.str1.4
                0x000000000000c310       0x11 firmware/print.o
 .comment       0x000000000000c321       0x12 firmware/print.o
 .riscv.attributes
                0x000000000000c321       0x21 firmware/print.o
 .data          0x000000000000c342        0x0 firmware/hello.o
 .bss           0x000000000000c342        0x0 firmware/hello.o
 *fill*         0x000000000000c342        0x2 
 .rodata.str1.4
                0x000000000000c344       0x67 firmware/hello.o
                                         0x6b (size before relaxing)
 .comment       0x000000000000c3ab       0x12 firmware/hello.o
 .riscv.attributes
                0x000000000000c3ab       0x21 firmware/hello.o
 .data          0x000000000000c3cc        0x0 firmware/sieve.o
 .bss           0x000000000000c3cc        0x0 firmware/sieve.o
 .rodata.str1.4
                0x000000000000c3cc       0x3c firmware/sieve.o
                                         0x40 (size before relaxing)
 .sbss          0x000000000000c408        0xc firmware/sieve.o
 .comment       0x000000000000c414       0x12 firmware/sieve.o
 .riscv.attributes
                0x000000000000c414       0x21 firmware/sieve.o
 .data          0x000000000000c435        0x0 firmware/multest.o
 .bss           0x000000000000c435        0x0 firmware/multest.o
 *fill*         0x000000000000c435        0x3 
 .rodata.str1.4
                0x000000000000c438       0x50 firmware/multest.o
                                         0x58 (size before relaxing)
 .sdata         0x000000000000c488        0x4 firmware/multest.o
 .comment       0x000000000000c48c       0x12 firmware/multest.o
 .riscv.attributes
                0x000000000000c48c       0x21 firmware/multest.o
 .data          0x000000000000c4ad        0x0 firmware/stats.o
 .bss           0x000000000000c4ad        0x0 firmware/stats.o
 *fill*         0x000000000000c4ad        0x3 
 .rodata.str1.4
                0x000000000000c4b0       0x3c firmware/stats.o
                                         0x3e (size before relaxing)
 .comment       0x000000000000c4ec       0x12 firmware/stats.o
 .riscv.attributes
                0x000000000000c4ec       0x21 firmware/stats.o
 *fill*         0x000000000000c50d        0x3 
 .data          0x000000000000c510        0x0 tests/xor.o
 .bss           0x000000000000c510        0x0 tests/xor.o
 .riscv.attributes
                0x000000000000c510       0x1f tests/xor.o
 *fill*         0x000000000000c52f        0x1 
 .data          0x000000000000c530        0x0 tests/or.o
 .bss           0x000000000000c530        0x0 tests/or.o
 .riscv.attributes
                0x000000000000c530       0x1f tests/or.o
 *fill*         0x000000000000c54f        0x1 
 .data          0x000000000000c550       0x14 tests/sh.o
 .bss           0x000000000000c564        0x0 tests/sh.o
 .riscv.attributes
                0x000000000000c564       0x1f tests/sh.o
 *fill*         0x000000000000c583        0x1 
 .data          0x000000000000c584        0x0 tests/sub.o
 .bss           0x000000000000c584        0x0 tests/sub.o
 .riscv.attributes
                0x000000000000c584       0x1f tests/sub.o
 *fill*         0x000000000000c5a3        0x1 
 .data          0x000000000000c5a4        0x4 tests/lb.o
 .bss           0x000000000000c5a8        0x0 tests/lb.o
 .riscv.attributes
                0x000000000000c5a8       0x1f tests/lb.o
 *fill*         0x000000000000c5c7        0x1 
 .data          0x000000000000c5c8        0x0 tests/sra.o
 .bss           0x000000000000c5c8        0x0 tests/sra.o
 .riscv.attributes
                0x000000000000c5c8       0x1f tests/sra.o
 *fill*         0x000000000000c5e7        0x1 
 .data          0x000000000000c5e8        0x0 tests/blt.o
 .bss           0x000000000000c5e8        0x0 tests/blt.o
 .riscv.attributes
                0x000000000000c5e8       0x1f tests/blt.o
 *fill*         0x000000000000c607        0x1 
 .data          0x000000000000c608        0x0 tests/srai.o
 .bss           0x000000000000c608        0x0 tests/srai.o
 .riscv.attributes
                0x000000000000c608       0x1f tests/srai.o
 *fill*         0x000000000000c627        0x1 
 .data          0x000000000000c628        0x0 tests/beq.o
 .bss           0x000000000000c628        0x0 tests/beq.o
 .riscv.attributes
                0x000000000000c628       0x1f tests/beq.o
 *fill*         0x000000000000c647        0x1 
 .data          0x000000000000c648        0x0 tests/addi.o
 .bss           0x000000000000c648        0x0 tests/addi.o
 .riscv.attributes
                0x000000000000c648       0x1f tests/addi.o
 *fill*         0x000000000000c667        0x1 
 .data          0x000000000000c668        0x0 tests/mul.o
 .bss           0x000000000000c668        0x0 tests/mul.o
 .riscv.attributes
                0x000000000000c668       0x1f tests/mul.o
 *fill*         0x000000000000c687        0x1 
 .data          0x000000000000c688        0x0 tests/divu.o
 .bss           0x000000000000c688        0x0 tests/divu.o
 .riscv.attributes
                0x000000000000c688       0x1f tests/divu.o
 *fill*         0x000000000000c6a7        0x1 
 .data          0x000000000000c6a8       0x10 tests/lw.o
 .bss           0x000000000000c6b8        0x0 tests/lw.o
 .riscv.attributes
                0x000000000000c6b8       0x1f tests/lw.o
 *fill*         0x000000000000c6d7        0x1 
 .data          0x000000000000c6d8        0x0 tests/div.o
 .bss           0x000000000000c6d8        0x0 tests/div.o
 .riscv.attributes
                0x000000000000c6d8       0x1f tests/div.o
 *fill*         0x000000000000c6f7        0x1 
 .data          0x000000000000c6f8        0x0 tests/auipc.o
 .bss           0x000000000000c6f8        0x0 tests/auipc.o
 .riscv.attributes
                0x000000000000c6f8       0x1f tests/auipc.o
 *fill*         0x000000000000c717        0x1 
 .data          0x000000000000c718        0xa tests/sb.o
 .bss           0x000000000000c722        0x0 tests/sb.o
 .riscv.attributes
                0x000000000000c722       0x1f tests/sb.o
 *fill*         0x000000000000c741        0x3 
 .data          0x000000000000c744        0x0 tests/bgeu.o
 .bss           0x000000000000c744        0x0 tests/bgeu.o
 .riscv.attributes
                0x000000000000c744       0x1f tests/bgeu.o
 *fill*         0x000000000000c763        0x1 
 .data          0x000000000000c764        0x0 tests/jalr.o
 .bss           0x000000000000c764        0x0 tests/jalr.o
 .riscv.attributes
                0x000000000000c764       0x1f tests/jalr.o
 *fill*         0x000000000000c783        0x1 
 .data          0x000000000000c784       0x28 tests/sw.o
 .bss           0x000000000000c7ac        0x0 tests/sw.o
 .riscv.attributes
                0x000000000000c7ac       0x1f tests/sw.o
 *fill*         0x000000000000c7cb        0x1 
 .data          0x000000000000c7cc        0x0 tests/xori.o
 .bss           0x000000000000c7cc        0x0 tests/xori.o
 .riscv.attributes
                0x000000000000c7cc       0x1f tests/xori.o
 *fill*         0x000000000000c7eb        0x1 
 .data          0x000000000000c7ec        0x0 tests/sll.o
 .bss           0x000000000000c7ec        0x0 tests/sll.o
 .riscv.attributes
                0x000000000000c7ec       0x1f tests/sll.o
 *fill*         0x000000000000c80b        0x1 
 .data          0x000000000000c80c        0x0 tests/mulhu.o
 .bss           0x000000000000c80c        0x0 tests/mulhu.o
 .riscv.attributes
                0x000000000000c80c       0x1f tests/mulhu.o
 *fill*         0x000000000000c82b        0x1 
 .data          0x000000000000c82c        0x0 tests/slti.o
 .bss           0x000000000000c82c        0x0 tests/slti.o
 .riscv.attributes
                0x000000000000c82c       0x1f tests/slti.o
 *fill*         0x000000000000c84b        0x1 
 .data          0x000000000000c84c        0x0 tests/slt.o
 .bss           0x000000000000c84c        0x0 tests/slt.o
 .riscv.attributes
                0x000000000000c84c       0x1f tests/slt.o
 *fill*         0x000000000000c86b        0x1 
 .data          0x000000000000c86c        0x4 tests/lbu.o
 .bss           0x000000000000c870        0x0 tests/lbu.o
 .riscv.attributes
                0x000000000000c870       0x1f tests/lbu.o
 *fill*         0x000000000000c88f        0x1 
 .data          0x000000000000c890        0x8 tests/lhu.o
 .bss           0x000000000000c898        0x0 tests/lhu.o
 .riscv.attributes
                0x000000000000c898       0x1f tests/lhu.o
 *fill*         0x000000000000c8b7        0x1 
 .data          0x000000000000c8b8        0x0 tests/lui.o
 .bss           0x000000000000c8b8        0x0 tests/lui.o
 .riscv.attributes
                0x000000000000c8b8       0x1f tests/lui.o
 *fill*         0x000000000000c8d7        0x1 
 .data          0x000000000000c8d8        0x0 tests/bltu.o
 .bss           0x000000000000c8d8        0x0 tests/bltu.o
 .riscv.attributes
                0x000000000000c8d8       0x1f tests/bltu.o
 *fill*         0x000000000000c8f7        0x1 
 .data          0x000000000000c8f8        0x0 tests/remu.o
 .bss           0x000000000000c8f8        0x0 tests/remu.o
 .riscv.attributes
                0x000000000000c8f8       0x1f tests/remu.o
 *fill*         0x000000000000c917        0x1 
 .data          0x000000000000c918        0x0 tests/simple.o
 .bss           0x000000000000c918        0x0 tests/simple.o
 .riscv.attributes
                0x000000000000c918       0x1f tests/simple.o
 *fill*         0x000000000000c937        0x1 
 .data          0x000000000000c938        0x0 tests/slli.o
 .bss           0x000000000000c938        0x0 tests/slli.o
 .riscv.attributes
                0x000000000000c938       0x1f tests/slli.o
 *fill*         0x000000000000c957        0x1 
 .data          0x000000000000c958        0x0 tests/andi.o
 .bss           0x000000000000c958        0x0 tests/andi.o
 .riscv.attributes
                0x000000000000c958       0x1f tests/andi.o
 *fill*         0x000000000000c977        0x1 
 .data          0x000000000000c978        0x0 tests/ori.o
 .bss           0x000000000000c978        0x0 tests/ori.o
 .riscv.attributes
                0x000000000000c978       0x1f tests/ori.o
 *fill*         0x000000000000c997        0x1 
 .data          0x000000000000c998        0x8 tests/lh.o
 .bss           0x000000000000c9a0        0x0 tests/lh.o
 .riscv.attributes
                0x000000000000c9a0       0x1f tests/lh.o
 *fill*         0x000000000000c9bf        0x1 
 .data          0x000000000000c9c0        0x0 tests/srl.o
 .bss           0x000000000000c9c0        0x0 tests/srl.o
 .riscv.attributes
                0x000000000000c9c0       0x1f tests/srl.o
 *fill*         0x000000000000c9df        0x1 
 .data          0x000000000000c9e0        0x0 tests/jal.o
 .bss           0x000000000000c9e0        0x0 tests/jal.o
 .riscv.attributes
                0x000000000000c9e0       0x1f tests/jal.o
 *fill*         0x000000000000c9ff        0x1 
 .data          0x000000000000ca00        0x0 tests/add.o
 .bss           0x000000000000ca00        0x0 tests/add.o
 .riscv.attributes
                0x000000000000ca00       0x1f tests/add.o
 *fill*         0x000000000000ca1f        0x1 
 .data          0x000000000000ca20        0x0 tests/and.o
 .bss           0x000000000000ca20        0x0 tests/and.o
 .riscv.attributes
                0x000000000000ca20       0x1f tests/and.o
 *fill*         0x000000000000ca3f        0x1 
 .data          0x000000000000ca40        0x0 tests/srli.o
 .bss           0x000000000000ca40        0x0 tests/srli.o
 .riscv.attributes
                0x000000000000ca40       0x1f tests/srli.o
 *fill*         0x000000000000ca5f        0x1 
 .data          0x000000000000ca60        0x0 tests/j.o
 .bss           0x000000000000ca60        0x0 tests/j.o
 .riscv.attributes
                0x000000000000ca60       0x1f tests/j.o
 *fill*         0x000000000000ca7f        0x1 
 .data          0x000000000000ca80        0x0 tests/bne.o
 .bss           0x000000000000ca80        0x0 tests/bne.o
 .riscv.attributes
                0x000000000000ca80       0x1f tests/bne.o
 *fill*         0x000000000000ca9f        0x1 
 .data          0x000000000000caa0        0x0 tests/bge.o
 .bss           0x000000000000caa0        0x0 tests/bge.o
 .riscv.attributes
                0x000000000000caa0       0x1f tests/bge.o
 *fill*         0x000000000000cabf        0x1 
 .data          0x000000000000cac0        0x0 tests/rem.o
 .bss           0x000000000000cac0        0x0 tests/rem.o
 .riscv.attributes
                0x000000000000cac0       0x1f tests/rem.o
 *fill*         0x000000000000cadf        0x1 
 .data          0x000000000000cae0        0x0 tests/mulh.o
 .bss           0x000000000000cae0        0x0 tests/mulh.o
 .riscv.attributes
                0x000000000000cae0       0x1f tests/mulh.o
 *fill*         0x000000000000caff        0x1 
 .data          0x000000000000cb00        0x0 tests/mulhsu.o
 .bss           0x000000000000cb00        0x0 tests/mulhsu.o
 .riscv.attributes
                0x000000000000cb00       0x1f tests/mulhsu.o
 .data          0x000000000000cb1f        0x0 /opt/tools/riscv/lib/gcc/riscv32-unknown-elf/8.3.0/libgcc.a(_divdi3.o)
 .bss           0x000000000000cb1f        0x0 /opt/tools/riscv/lib/gcc/riscv32-unknown-elf/8.3.0/libgcc.a(_divdi3.o)
 .comment       0x000000000000cb1f       0x12 /opt/tools/riscv/lib/gcc/riscv32-unknown-elf/8.3.0/libgcc.a(_divdi3.o)
 *fill*         0x000000000000cb1f        0x1 
 .eh_frame      0x000000000000cb20       0x64 /opt/tools/riscv/lib/gcc/riscv32-unknown-elf/8.3.0/libgcc.a(_divdi3.o)
 .riscv.attributes
                0x000000000000cb84       0x1c /opt/tools/riscv/lib/gcc/riscv32-unknown-elf/8.3.0/libgcc.a(_divdi3.o)
 .data          0x000000000000cba0        0x0 /opt/tools/riscv/lib/gcc/riscv32-unknown-elf/8.3.0/libgcc.a(_moddi3.o)
 .bss           0x000000000000cba0        0x0 /opt/tools/riscv/lib/gcc/riscv32-unknown-elf/8.3.0/libgcc.a(_moddi3.o)
 .comment       0x000000000000cba0       0x12 /opt/tools/riscv/lib/gcc/riscv32-unknown-elf/8.3.0/libgcc.a(_moddi3.o)
 .eh_frame      0x000000000000cba0       0x68 /opt/tools/riscv/lib/gcc/riscv32-unknown-elf/8.3.0/libgcc.a(_moddi3.o)
 .riscv.attributes
                0x000000000000cc08       0x1c /opt/tools/riscv/lib/gcc/riscv32-unknown-elf/8.3.0/libgcc.a(_moddi3.o)
 .data          0x000000000000cc24        0x0 /opt/tools/riscv/lib/gcc/riscv32-unknown-elf/8.3.0/libgcc.a(_udivdi3.o)
 .bss           0x000000000000cc24        0x0 /opt/tools/riscv/lib/gcc/riscv32-unknown-elf/8.3.0/libgcc.a(_udivdi3.o)
 .comment       0x000000000000cc24       0x12 /opt/tools/riscv/lib/gcc/riscv32-unknown-elf/8.3.0/libgcc.a(_udivdi3.o)
 .eh_frame      0x000000000000cc24       0x60 /opt/tools/riscv/lib/gcc/riscv32-unknown-elf/8.3.0/libgcc.a(_udivdi3.o)
 .riscv.attributes
                0x000000000000cc84       0x1c /opt/tools/riscv/lib/gcc/riscv32-unknown-elf/8.3.0/libgcc.a(_udivdi3.o)
 .data          0x000000000000cca0        0x0 /opt/tools/riscv/lib/gcc/riscv32-unknown-elf/8.3.0/libgcc.a(_umoddi3.o)
 .bss           0x000000000000cca0        0x0 /opt/tools/riscv/lib/gcc/riscv32-unknown-elf/8.3.0/libgcc.a(_umoddi3.o)
 .comment       0x000000000000cca0       0x12 /opt/tools/riscv/lib/gcc/riscv32-unknown-elf/8.3.0/libgcc.a(_umoddi3.o)
 .eh_frame      0x000000000000cca0       0x64 /opt/tools/riscv/lib/gcc/riscv32-unknown-elf/8.3.0/libgcc.a(_umoddi3.o)
 .riscv.attributes
                0x000000000000cd04       0x1c /opt/tools/riscv/lib/gcc/riscv32-unknown-elf/8.3.0/libgcc.a(_umoddi3.o)
 .data          0x000000000000cd20        0x0 /opt/tools/riscv/lib/gcc/riscv32-unknown-elf/8.3.0/libgcc.a(muldi3.o)
 .bss           0x000000000000cd20        0x0 /opt/tools/riscv/lib/gcc/riscv32-unknown-elf/8.3.0/libgcc.a(muldi3.o)
 .riscv.attributes
                0x000000000000cd20       0x1a /opt/tools/riscv/lib/gcc/riscv32-unknown-elf/8.3.0/libgcc.a(muldi3.o)
 .data          0x000000000000cd3a        0x0 /opt/tools/riscv/lib/gcc/riscv32-unknown-elf/8.3.0/libgcc.a(multi3.o)
 .bss           0x000000000000cd3a        0x0 /opt/tools/riscv/lib/gcc/riscv32-unknown-elf/8.3.0/libgcc.a(multi3.o)
 .comment       0x000000000000cd3a       0x12 /opt/tools/riscv/lib/gcc/riscv32-unknown-elf/8.3.0/libgcc.a(multi3.o)
 .riscv.attributes
                0x000000000000cd3a       0x1c /opt/tools/riscv/lib/gcc/riscv32-unknown-elf/8.3.0/libgcc.a(multi3.o)
 .data          0x000000000000cd56        0x0 /opt/tools/riscv/lib/gcc/riscv32-unknown-elf/8.3.0/libgcc.a(div.o)
 .bss           0x000000000000cd56        0x0 /opt/tools/riscv/lib/gcc/riscv32-unknown-elf/8.3.0/libgcc.a(div.o)
 .riscv.attributes
                0x000000000000cd56       0x1a /opt/tools/riscv/lib/gcc/riscv32-unknown-elf/8.3.0/libgcc.a(div.o)
 .data          0x000000000000cd70        0x0 /opt/tools/riscv/lib/gcc/riscv32-unknown-elf/8.3.0/libgcc.a(_clz.o)
 .bss           0x000000000000cd70        0x0 /opt/tools/riscv/lib/gcc/riscv32-unknown-elf/8.3.0/libgcc.a(_clz.o)
 .rodata        0x000000000000cd70      0x100 /opt/tools/riscv/lib/gcc/riscv32-unknown-elf/8.3.0/libgcc.a(_clz.o)
                0x000000000000cd70                __clz_tab
 .comment       0x000000000000ce70       0x12 /opt/tools/riscv/lib/gcc/riscv32-unknown-elf/8.3.0/libgcc.a(_clz.o)
 .riscv.attributes
                0x000000000000ce70       0x1c /opt/tools/riscv/lib/gcc/riscv32-unknown-elf/8.3.0/libgcc.a(_clz.o)
                0x000000000000ce8c                end = .
                0x000000000000ce8c                . = ALIGN (0x4)
LOAD firmware/start.o
LOAD firmware/irq.o
LOAD firmware/print.o
LOAD firmware/hello.o
LOAD firmware/sieve.o
LOAD firmware/multest.o
LOAD firmware/stats.o
LOAD tests/xor.o
LOAD tests/or.o
LOAD tests/sh.o
LOAD tests/sub.o
LOAD tests/lb.o
LOAD tests/sra.o
LOAD tests/blt.o
LOAD tests/srai.o
LOAD tests/beq.o
LOAD tests/addi.o
LOAD tests/mul.o
LOAD tests/divu.o
LOAD tests/lw.o
LOAD tests/div.o
LOAD tests/auipc.o
LOAD tests/sb.o
LOAD tests/bgeu.o
LOAD tests/jalr.o
LOAD tests/sw.o
LOAD tests/xori.o
LOAD tests/sll.o
LOAD tests/mulhu.o
LOAD tests/slti.o
LOAD tests/slt.o
LOAD tests/lbu.o
LOAD tests/lhu.o
LOAD tests/lui.o
LOAD tests/bltu.o
LOAD tests/remu.o
LOAD tests/simple.o
LOAD tests/slli.o
LOAD tests/andi.o
LOAD tests/ori.o
LOAD tests/lh.o
LOAD tests/srl.o
LOAD tests/jal.o
LOAD tests/add.o
LOAD tests/and.o
LOAD tests/srli.o
LOAD tests/j.o
LOAD tests/bne.o
LOAD tests/bge.o
LOAD tests/rem.o
LOAD tests/mulh.o
LOAD tests/mulhsu.o
LOAD /opt/tools/riscv/lib/gcc/riscv32-unknown-elf/8.3.0/libgcc.a
OUTPUT(firmware/firmware.elf elf32-littleriscv)
