Archive member included to satisfy reference by file (symbol)

/opt/tools/riscv/lib/gcc/riscv32-unknown-elf/8.3.0/libgcc.a(_divdi3.o)
                              firmware/multest.o (__divdi3)
/opt/tools/riscv/lib/gcc/riscv32-unknown-elf/8.3.0/libgcc.a(_moddi3.o)
                              firmware/multest.o (__moddi3)
/opt/tools/riscv/lib/gcc/riscv32-unknown-elf/8.3.0/libgcc.a(_udivdi3.o)
                              firmware/multest.o (__udivdi3)
/opt/tools/riscv/lib/gcc/riscv32-unknown-elf/8.3.0/libgcc.a(_umoddi3.o)
                              firmware/multest.o (__umoddi3)
/opt/tools/riscv/lib/gcc/riscv32-unknown-elf/8.3.0/libgcc.a(muldi3.o)
                              firmware/multest.o (__mulsi3)
/opt/tools/riscv/lib/gcc/riscv32-unknown-elf/8.3.0/libgcc.a(multi3.o)
                              firmware/multest.o (__muldi3)
/opt/tools/riscv/lib/gcc/riscv32-unknown-elf/8.3.0/libgcc.a(div.o)
                              /opt/tools/riscv/lib/gcc/riscv32-unknown-elf/8.3.0/libgcc.a(_divdi3.o) (__divsi3)
/opt/tools/riscv/lib/gcc/riscv32-unknown-elf/8.3.0/libgcc.a(_clz.o)
                              /opt/tools/riscv/lib/gcc/riscv32-unknown-elf/8.3.0/libgcc.a(_divdi3.o) (__clz_tab)

Discarded input sections

 .debug_info    0x0000000000000000     0x1373 /opt/tools/riscv/lib/gcc/riscv32-unknown-elf/8.3.0/libgcc.a(_divdi3.o)
 .debug_abbrev  0x0000000000000000      0x2f8 /opt/tools/riscv/lib/gcc/riscv32-unknown-elf/8.3.0/libgcc.a(_divdi3.o)
 .debug_loc     0x0000000000000000      0x97b /opt/tools/riscv/lib/gcc/riscv32-unknown-elf/8.3.0/libgcc.a(_divdi3.o)
 .debug_aranges
                0x0000000000000000       0x20 /opt/tools/riscv/lib/gcc/riscv32-unknown-elf/8.3.0/libgcc.a(_divdi3.o)
 .debug_ranges  0x0000000000000000       0xf8 /opt/tools/riscv/lib/gcc/riscv32-unknown-elf/8.3.0/libgcc.a(_divdi3.o)
 .debug_line    0x0000000000000000      0x9c7 /opt/tools/riscv/lib/gcc/riscv32-unknown-elf/8.3.0/libgcc.a(_divdi3.o)
 .debug_str     0x0000000000000000      0x86a /opt/tools/riscv/lib/gcc/riscv32-unknown-elf/8.3.0/libgcc.a(_divdi3.o)
 .debug_info    0x0000000000000000     0x13ae /opt/tools/riscv/lib/gcc/riscv32-unknown-elf/8.3.0/libgcc.a(_moddi3.o)
 .debug_abbrev  0x0000000000000000      0x2ef /opt/tools/riscv/lib/gcc/riscv32-unknown-elf/8.3.0/libgcc.a(_moddi3.o)
 .debug_loc     0x0000000000000000      0x8f8 /opt/tools/riscv/lib/gcc/riscv32-unknown-elf/8.3.0/libgcc.a(_moddi3.o)
 .debug_aranges
                0x0000000000000000       0x20 /opt/tools/riscv/lib/gcc/riscv32-unknown-elf/8.3.0/libgcc.a(_moddi3.o)
 .debug_ranges  0x0000000000000000       0xe0 /opt/tools/riscv/lib/gcc/riscv32-unknown-elf/8.3.0/libgcc.a(_moddi3.o)
 .debug_line    0x0000000000000000      0x9e5 /opt/tools/riscv/lib/gcc/riscv32-unknown-elf/8.3.0/libgcc.a(_moddi3.o)
 .debug_str     0x0000000000000000      0x86a /opt/tools/riscv/lib/gcc/riscv32-unknown-elf/8.3.0/libgcc.a(_moddi3.o)
 .debug_info    0x0000000000000000     0x133d /opt/tools/riscv/lib/gcc/riscv32-unknown-elf/8.3.0/libgcc.a(_udivdi3.o)
 .debug_abbrev  0x0000000000000000      0x2e0 /opt/tools/riscv/lib/gcc/riscv32-unknown-elf/8.3.0/libgcc.a(_udivdi3.o)
 .debug_loc     0x0000000000000000      0xba9 /opt/tools/riscv/lib/gcc/riscv32-unknown-elf/8.3.0/libgcc.a(_udivdi3.o)
 .debug_aranges
                0x0000000000000000       0x20 /opt/tools/riscv/lib/gcc/riscv32-unknown-elf/8.3.0/libgcc.a(_udivdi3.o)
 .debug_ranges  0x0000000000000000      0x110 /opt/tools/riscv/lib/gcc/riscv32-unknown-elf/8.3.0/libgcc.a(_udivdi3.o)
 .debug_line    0x0000000000000000      0x900 /opt/tools/riscv/lib/gcc/riscv32-unknown-elf/8.3.0/libgcc.a(_udivdi3.o)
 .debug_str     0x0000000000000000      0x86b /opt/tools/riscv/lib/gcc/riscv32-unknown-elf/8.3.0/libgcc.a(_udivdi3.o)
 .debug_info    0x0000000000000000     0x1387 /opt/tools/riscv/lib/gcc/riscv32-unknown-elf/8.3.0/libgcc.a(_umoddi3.o)
 .debug_abbrev  0x0000000000000000      0x2e8 /opt/tools/riscv/lib/gcc/riscv32-unknown-elf/8.3.0/libgcc.a(_umoddi3.o)
 .debug_loc     0x0000000000000000      0x905 /opt/tools/riscv/lib/gcc/riscv32-unknown-elf/8.3.0/libgcc.a(_umoddi3.o)
 .debug_aranges
                0x0000000000000000       0x20 /opt/tools/riscv/lib/gcc/riscv32-unknown-elf/8.3.0/libgcc.a(_umoddi3.o)
 .debug_ranges  0x0000000000000000       0xe8 /opt/tools/riscv/lib/gcc/riscv32-unknown-elf/8.3.0/libgcc.a(_umoddi3.o)
 .debug_line    0x0000000000000000      0x92e /opt/tools/riscv/lib/gcc/riscv32-unknown-elf/8.3.0/libgcc.a(_umoddi3.o)
 .debug_str     0x0000000000000000      0x86b /opt/tools/riscv/lib/gcc/riscv32-unknown-elf/8.3.0/libgcc.a(_umoddi3.o)
 .debug_line    0x0000000000000000       0x92 /opt/tools/riscv/lib/gcc/riscv32-unknown-elf/8.3.0/libgcc.a(muldi3.o)
 .debug_info    0x0000000000000000       0x26 /opt/tools/riscv/lib/gcc/riscv32-unknown-elf/8.3.0/libgcc.a(muldi3.o)
 .debug_abbrev  0x0000000000000000       0x14 /opt/tools/riscv/lib/gcc/riscv32-unknown-elf/8.3.0/libgcc.a(muldi3.o)
 .debug_aranges
                0x0000000000000000       0x20 /opt/tools/riscv/lib/gcc/riscv32-unknown-elf/8.3.0/libgcc.a(muldi3.o)
 .debug_str     0x0000000000000000       0x9c /opt/tools/riscv/lib/gcc/riscv32-unknown-elf/8.3.0/libgcc.a(muldi3.o)
 .debug_info    0x0000000000000000      0xd15 /opt/tools/riscv/lib/gcc/riscv32-unknown-elf/8.3.0/libgcc.a(multi3.o)
 .debug_abbrev  0x0000000000000000      0x26f /opt/tools/riscv/lib/gcc/riscv32-unknown-elf/8.3.0/libgcc.a(multi3.o)
 .debug_loc     0x0000000000000000      0x176 /opt/tools/riscv/lib/gcc/riscv32-unknown-elf/8.3.0/libgcc.a(multi3.o)
 .debug_aranges
                0x0000000000000000       0x20 /opt/tools/riscv/lib/gcc/riscv32-unknown-elf/8.3.0/libgcc.a(multi3.o)
 .debug_line    0x0000000000000000      0x401 /opt/tools/riscv/lib/gcc/riscv32-unknown-elf/8.3.0/libgcc.a(multi3.o)
 .debug_str     0x0000000000000000      0x83e /opt/tools/riscv/lib/gcc/riscv32-unknown-elf/8.3.0/libgcc.a(multi3.o)
 .debug_frame   0x0000000000000000       0x2c /opt/tools/riscv/lib/gcc/riscv32-unknown-elf/8.3.0/libgcc.a(multi3.o)
 .debug_line    0x0000000000000000      0x168 /opt/tools/riscv/lib/gcc/riscv32-unknown-elf/8.3.0/libgcc.a(div.o)
 .debug_info    0x0000000000000000       0x26 /opt/tools/riscv/lib/gcc/riscv32-unknown-elf/8.3.0/libgcc.a(div.o)
 .debug_abbrev  0x0000000000000000       0x14 /opt/tools/riscv/lib/gcc/riscv32-unknown-elf/8.3.0/libgcc.a(div.o)
 .debug_aranges
                0x0000000000000000       0x20 /opt/tools/riscv/lib/gcc/riscv32-unknown-elf/8.3.0/libgcc.a(div.o)
 .debug_str     0x0000000000000000       0x99 /opt/tools/riscv/lib/gcc/riscv32-unknown-elf/8.3.0/libgcc.a(div.o)
 .debug_info    0x0000000000000000      0xb6a /opt/tools/riscv/lib/gcc/riscv32-unknown-elf/8.3.0/libgcc.a(_clz.o)
 .debug_abbrev  0x0000000000000000      0x1e8 /opt/tools/riscv/lib/gcc/riscv32-unknown-elf/8.3.0/libgcc.a(_clz.o)
 .debug_aranges
                0x0000000000000000       0x18 /opt/tools/riscv/lib/gcc/riscv32-unknown-elf/8.3.0/libgcc.a(_clz.o)
 .debug_line    0x0000000000000000      0x1ee /opt/tools/riscv/lib/gcc/riscv32-unknown-elf/8.3.0/libgcc.a(_clz.o)
 .debug_str     0x0000000000000000      0x7a6 /opt/tools/riscv/lib/gcc/riscv32-unknown-elf/8.3.0/libgcc.a(_clz.o)

Memory Configuration

Name             Origin             Length             Attributes
mem              0x0000000000000000 0x00000000001f8000
*default*        0x0000000000000000 0xffffffffffffffff

Linker script and memory map


.memory         0x0000000000000000     0xcda8
                0x0000000000000000                . = 0x0
 start*(.text)
 *(.text)
 .text          0x0000000000000000      0x4dc firmware/start.o
                0x0000000000000458                srli_ret
                0x0000000000000458                bgeu_ret
                0x0000000000000458                lbu_ret
                0x0000000000000458                andi_ret
                0x0000000000000458                div_ret
                0x0000000000000458                ori_ret
                0x0000000000000458                mulhsu_ret
                0x0000000000000458                blt_ret
                0x0000000000000458                lb_ret
                0x0000000000000458                xor_ret
                0x0000000000000458                slt_ret
                0x0000000000000458                lw_ret
                0x0000000000000458                jalr_ret
                0x0000000000000458                add_ret
                0x0000000000000458                xori_ret
                0x0000000000000458                srai_ret
                0x0000000000000458                rem_ret
                0x0000000000000458                simple_ret
                0x0000000000000458                mul_ret
                0x0000000000000458                slti_ret
                0x0000000000000458                slli_ret
                0x0000000000000458                lhu_ret
                0x0000000000000458                lui_ret
                0x0000000000000458                or_ret
                0x0000000000000458                sw_ret
                0x0000000000000458                sra_ret
                0x0000000000000458                beq_ret
                0x0000000000000458                remu_ret
                0x0000000000000458                mulh_ret
                0x0000000000000458                and_ret
                0x0000000000000458                mulhu_ret
                0x0000000000000458                bge_ret
                0x0000000000000458                sub_ret
                0x0000000000000458                auipc_ret
                0x0000000000000458                sh_ret
                0x0000000000000458                sll_ret
                0x0000000000000458                jal_ret
                0x0000000000000458                j_ret
                0x0000000000000458                lh_ret
                0x0000000000000458                bne_ret
                0x0000000000000458                sb_ret
                0x0000000000000458                divu_ret
                0x0000000000000458                bltu_ret
                0x0000000000000458                srl_ret
                0x0000000000000458                addi_ret
                0x000000000000049e                hard_mul
                0x00000000000004a4                hard_mulh
                0x00000000000004aa                hard_mulhsu
                0x00000000000004b0                hard_mulhu
                0x00000000000004b6                hard_div
                0x00000000000004bc                hard_divu
                0x00000000000004c2                hard_rem
                0x00000000000004c8                hard_remu
 .text          0x00000000000004dc      0x29a firmware/irq.o
                0x00000000000004dc                irq
 .text          0x0000000000000776       0x90 firmware/print.o
                0x0000000000000776                print_chr
                0x000000000000077e                print_str
                0x0000000000000790                print_dec
                0x00000000000007e0                print_hex
 .text          0x0000000000000806       0xfe firmware/hello.o
                0x0000000000000806                get_num_cycles
                0x000000000000080c                get_num_instr
                0x0000000000000812                R_Write
                0x000000000000081a                Q_Write
                0x0000000000000822                StartAndWait
                0x0000000000000836                R_GetResult
                0x000000000000084e                Q_GetResult
                0x0000000000000866                hello
 .text          0x0000000000000904      0x184 firmware/sieve.o
                0x000000000000099e                sieve
 .text          0x0000000000000a88      0x2d0 firmware/multest.o
                0x0000000000000aa6                multest
 .text          0x0000000000000d58      0x11c firmware/stats.o
                0x0000000000000dec                stats
 .text          0x0000000000000e74      0x540 tests/xor.o
                0x0000000000000e74                xor
 .text          0x00000000000013b4      0x544 tests/or.o
                0x00000000000013b4                or
 .text          0x00000000000018f8      0x4f8 tests/sh.o
                0x00000000000018f8                sh
 .text          0x0000000000001df0      0x540 tests/sub.o
                0x0000000000001df0                sub
 .text          0x0000000000002330      0x2cc tests/lb.o
                0x0000000000002330                lb
 .text          0x00000000000025fc      0x61c tests/sra.o
                0x00000000000025fc                sra
 .text          0x0000000000002c18      0x340 tests/blt.o
                0x0000000000002c18                blt
 .text          0x0000000000002f58      0x33c tests/srai.o
                0x0000000000002f58                srai
 .text          0x0000000000003294      0x340 tests/beq.o
                0x0000000000003294                beq
 .text          0x00000000000035d4      0x30c tests/addi.o
                0x00000000000035d4                addi
 .text          0x00000000000038e0      0x548 tests/mul.o
                0x00000000000038e0                mul
 .text          0x0000000000003e28      0x164 tests/divu.o
                0x0000000000003e28                divu
 .text          0x0000000000003f8c      0x30c tests/lw.o
                0x0000000000003f8c                lw
 .text          0x0000000000004298      0x15c tests/div.o
                0x0000000000004298                div
 *fill*         0x00000000000043f4        0x4 
 .text          0x00000000000043f8       0xcc tests/auipc.o
                0x00000000000043f8                auipc
 .text          0x00000000000044c4      0x474 tests/sb.o
                0x00000000000044c4                sb
 .text          0x0000000000004938      0x3d8 tests/bgeu.o
                0x0000000000004938                bgeu
 .text          0x0000000000004d10      0x184 tests/jalr.o
                0x0000000000004d10                jalr
 .text          0x0000000000004e94      0x504 tests/sw.o
                0x0000000000004e94                sw
 .text          0x0000000000005398      0x268 tests/xori.o
                0x0000000000005398                xori
 .text          0x0000000000005600      0x5ec tests/sll.o
                0x0000000000005600                sll
 .text          0x0000000000005bec      0x54c tests/mulhu.o
                0x0000000000005bec                mulhu
 .text          0x0000000000006138      0x2f8 tests/slti.o
                0x0000000000006138                slti
 .text          0x0000000000006430      0x548 tests/slt.o
                0x0000000000006430                slt
 .text          0x0000000000006978      0x2cc tests/lbu.o
                0x0000000000006978                lbu
 .text          0x0000000000006c44      0x300 tests/lhu.o
                0x0000000000006c44                lhu
 .text          0x0000000000006f44       0xe0 tests/lui.o
                0x0000000000006f44                lui
 .text          0x0000000000007024      0x378 tests/bltu.o
                0x0000000000007024                bltu
 .text          0x000000000000739c      0x160 tests/remu.o
                0x000000000000739c                remu
 .text          0x00000000000074fc       0x54 tests/simple.o
                0x00000000000074fc                simple
 .text          0x0000000000007550      0x308 tests/slli.o
                0x0000000000007550                slli
 .text          0x0000000000007858      0x244 tests/andi.o
                0x0000000000007858                andi
 .text          0x0000000000007a9c      0x25c tests/ori.o
                0x0000000000007a9c                ori
 .text          0x0000000000007cf8      0x2ec tests/lh.o
                0x0000000000007cf8                lh
 .text          0x0000000000007fe4      0x63c tests/srl.o
                0x0000000000007fe4                srl
 .text          0x0000000000008620       0xd8 tests/jal.o
                0x0000000000008620                jal
 .text          0x00000000000086f8      0x560 tests/add.o
                0x00000000000086f8                add
 .text          0x0000000000008c58      0x538 tests/and.o
                0x0000000000008c58                and
 .text          0x0000000000009190      0x338 tests/srli.o
                0x0000000000009190                srli
 .text          0x00000000000094c8       0xbc tests/j.o
                0x00000000000094c8                j
 .text          0x0000000000009584      0x344 tests/bne.o
                0x0000000000009584                bne
 .text          0x00000000000098c8      0x3a0 tests/bge.o
                0x00000000000098c8                bge
 .text          0x0000000000009c68      0x15c tests/rem.o
                0x0000000000009c68                rem
 .text          0x0000000000009dc4      0x54c tests/mulh.o
                0x0000000000009dc4                mulh
 .text          0x000000000000a310      0x54c tests/mulhsu.o
                0x000000000000a310                mulhsu
 .text          0x000000000000a85c      0x624 /opt/tools/riscv/lib/gcc/riscv32-unknown-elf/8.3.0/libgcc.a(_divdi3.o)
                0x000000000000a85c                __divdi3
 .text          0x000000000000ae80      0x548 /opt/tools/riscv/lib/gcc/riscv32-unknown-elf/8.3.0/libgcc.a(_moddi3.o)
                0x000000000000ae80                __moddi3
 .text          0x000000000000b3c8      0x5d4 /opt/tools/riscv/lib/gcc/riscv32-unknown-elf/8.3.0/libgcc.a(_udivdi3.o)
                0x000000000000b3c8                __udivdi3
 .text          0x000000000000b99c      0x4f0 /opt/tools/riscv/lib/gcc/riscv32-unknown-elf/8.3.0/libgcc.a(_umoddi3.o)
                0x000000000000b99c                __umoddi3
 .text          0x000000000000be8c       0x24 /opt/tools/riscv/lib/gcc/riscv32-unknown-elf/8.3.0/libgcc.a(muldi3.o)
                0x000000000000be8c                __mulsi3
 .text          0x000000000000beb0       0x90 /opt/tools/riscv/lib/gcc/riscv32-unknown-elf/8.3.0/libgcc.a(multi3.o)
                0x000000000000beb0                __muldi3
 .text          0x000000000000bf40       0xb4 /opt/tools/riscv/lib/gcc/riscv32-unknown-elf/8.3.0/libgcc.a(div.o)
                0x000000000000bf40                __divsi3
                0x000000000000bf48                __udivsi3
                0x000000000000bf90                __umodsi3
                0x000000000000bfc4                __modsi3
 .text          0x000000000000bff4        0x0 /opt/tools/riscv/lib/gcc/riscv32-unknown-elf/8.3.0/libgcc.a(_clz.o)
 *(*)
 .data          0x000000000000bff4        0x0 firmware/start.o
 .bss           0x000000000000bff4        0x0 firmware/start.o
 .riscv.attributes
                0x000000000000bff4       0x24 firmware/start.o
 .data          0x000000000000c018        0x0 firmware/irq.o
 .bss           0x000000000000c018        0x0 firmware/irq.o
 .rodata.str1.4
                0x000000000000c018      0x167 firmware/irq.o
                                        0x16b (size before relaxing)
 *fill*         0x000000000000c17f        0x1 
 .sbss          0x000000000000c180        0xc firmware/irq.o
 .comment       0x000000000000c18c       0x11 firmware/irq.o
                                         0x12 (size before relaxing)
 .riscv.attributes
                0x000000000000c19d       0x21 firmware/irq.o
 .data          0x000000000000c1be        0x0 firmware/print.o
 .bss           0x000000000000c1be        0x0 firmware/print.o
 *fill*         0x000000000000c1be        0x2 
 .rodata.str1.4
                0x000000000000c1c0       0x11 firmware/print.o
 .comment       0x000000000000c1d1       0x12 firmware/print.o
 .riscv.attributes
                0x000000000000c1d1       0x21 firmware/print.o
 .data          0x000000000000c1f2        0x0 firmware/hello.o
 .bss           0x000000000000c1f2        0x0 firmware/hello.o
 *fill*         0x000000000000c1f2        0x2 
 .rodata.str1.4
                0x000000000000c1f4       0xd4 firmware/hello.o
                                         0xd6 (size before relaxing)
 .comment       0x000000000000c2c8       0x12 firmware/hello.o
 .riscv.attributes
                0x000000000000c2c8       0x21 firmware/hello.o
 .data          0x000000000000c2e9        0x0 firmware/sieve.o
 .bss           0x000000000000c2e9        0x0 firmware/sieve.o
 *fill*         0x000000000000c2e9        0x3 
 .rodata.str1.4
                0x000000000000c2ec       0x38 firmware/sieve.o
                                         0x40 (size before relaxing)
 .sbss          0x000000000000c324        0xc firmware/sieve.o
 .comment       0x000000000000c330       0x12 firmware/sieve.o
 .riscv.attributes
                0x000000000000c330       0x21 firmware/sieve.o
 .data          0x000000000000c351        0x0 firmware/multest.o
 .bss           0x000000000000c351        0x0 firmware/multest.o
 *fill*         0x000000000000c351        0x3 
 .rodata.str1.4
                0x000000000000c354       0x50 firmware/multest.o
                                         0x58 (size before relaxing)
 .sdata         0x000000000000c3a4        0x4 firmware/multest.o
 .comment       0x000000000000c3a8       0x12 firmware/multest.o
 .riscv.attributes
                0x000000000000c3a8       0x21 firmware/multest.o
 .data          0x000000000000c3c9        0x0 firmware/stats.o
 .bss           0x000000000000c3c9        0x0 firmware/stats.o
 *fill*         0x000000000000c3c9        0x3 
 .rodata.str1.4
                0x000000000000c3cc       0x3c firmware/stats.o
                                         0x3e (size before relaxing)
 .comment       0x000000000000c408       0x12 firmware/stats.o
 .riscv.attributes
                0x000000000000c408       0x21 firmware/stats.o
 *fill*         0x000000000000c429        0x3 
 .data          0x000000000000c42c        0x0 tests/xor.o
 .bss           0x000000000000c42c        0x0 tests/xor.o
 .riscv.attributes
                0x000000000000c42c       0x1f tests/xor.o
 *fill*         0x000000000000c44b        0x1 
 .data          0x000000000000c44c        0x0 tests/or.o
 .bss           0x000000000000c44c        0x0 tests/or.o
 .riscv.attributes
                0x000000000000c44c       0x1f tests/or.o
 *fill*         0x000000000000c46b        0x1 
 .data          0x000000000000c46c       0x14 tests/sh.o
 .bss           0x000000000000c480        0x0 tests/sh.o
 .riscv.attributes
                0x000000000000c480       0x1f tests/sh.o
 *fill*         0x000000000000c49f        0x1 
 .data          0x000000000000c4a0        0x0 tests/sub.o
 .bss           0x000000000000c4a0        0x0 tests/sub.o
 .riscv.attributes
                0x000000000000c4a0       0x1f tests/sub.o
 *fill*         0x000000000000c4bf        0x1 
 .data          0x000000000000c4c0        0x4 tests/lb.o
 .bss           0x000000000000c4c4        0x0 tests/lb.o
 .riscv.attributes
                0x000000000000c4c4       0x1f tests/lb.o
 *fill*         0x000000000000c4e3        0x1 
 .data          0x000000000000c4e4        0x0 tests/sra.o
 .bss           0x000000000000c4e4        0x0 tests/sra.o
 .riscv.attributes
                0x000000000000c4e4       0x1f tests/sra.o
 *fill*         0x000000000000c503        0x1 
 .data          0x000000000000c504        0x0 tests/blt.o
 .bss           0x000000000000c504        0x0 tests/blt.o
 .riscv.attributes
                0x000000000000c504       0x1f tests/blt.o
 *fill*         0x000000000000c523        0x1 
 .data          0x000000000000c524        0x0 tests/srai.o
 .bss           0x000000000000c524        0x0 tests/srai.o
 .riscv.attributes
                0x000000000000c524       0x1f tests/srai.o
 *fill*         0x000000000000c543        0x1 
 .data          0x000000000000c544        0x0 tests/beq.o
 .bss           0x000000000000c544        0x0 tests/beq.o
 .riscv.attributes
                0x000000000000c544       0x1f tests/beq.o
 *fill*         0x000000000000c563        0x1 
 .data          0x000000000000c564        0x0 tests/addi.o
 .bss           0x000000000000c564        0x0 tests/addi.o
 .riscv.attributes
                0x000000000000c564       0x1f tests/addi.o
 *fill*         0x000000000000c583        0x1 
 .data          0x000000000000c584        0x0 tests/mul.o
 .bss           0x000000000000c584        0x0 tests/mul.o
 .riscv.attributes
                0x000000000000c584       0x1f tests/mul.o
 *fill*         0x000000000000c5a3        0x1 
 .data          0x000000000000c5a4        0x0 tests/divu.o
 .bss           0x000000000000c5a4        0x0 tests/divu.o
 .riscv.attributes
                0x000000000000c5a4       0x1f tests/divu.o
 *fill*         0x000000000000c5c3        0x1 
 .data          0x000000000000c5c4       0x10 tests/lw.o
 .bss           0x000000000000c5d4        0x0 tests/lw.o
 .riscv.attributes
                0x000000000000c5d4       0x1f tests/lw.o
 *fill*         0x000000000000c5f3        0x1 
 .data          0x000000000000c5f4        0x0 tests/div.o
 .bss           0x000000000000c5f4        0x0 tests/div.o
 .riscv.attributes
                0x000000000000c5f4       0x1f tests/div.o
 *fill*         0x000000000000c613        0x1 
 .data          0x000000000000c614        0x0 tests/auipc.o
 .bss           0x000000000000c614        0x0 tests/auipc.o
 .riscv.attributes
                0x000000000000c614       0x1f tests/auipc.o
 *fill*         0x000000000000c633        0x1 
 .data          0x000000000000c634        0xa tests/sb.o
 .bss           0x000000000000c63e        0x0 tests/sb.o
 .riscv.attributes
                0x000000000000c63e       0x1f tests/sb.o
 *fill*         0x000000000000c65d        0x3 
 .data          0x000000000000c660        0x0 tests/bgeu.o
 .bss           0x000000000000c660        0x0 tests/bgeu.o
 .riscv.attributes
                0x000000000000c660       0x1f tests/bgeu.o
 *fill*         0x000000000000c67f        0x1 
 .data          0x000000000000c680        0x0 tests/jalr.o
 .bss           0x000000000000c680        0x0 tests/jalr.o
 .riscv.attributes
                0x000000000000c680       0x1f tests/jalr.o
 *fill*         0x000000000000c69f        0x1 
 .data          0x000000000000c6a0       0x28 tests/sw.o
 .bss           0x000000000000c6c8        0x0 tests/sw.o
 .riscv.attributes
                0x000000000000c6c8       0x1f tests/sw.o
 *fill*         0x000000000000c6e7        0x1 
 .data          0x000000000000c6e8        0x0 tests/xori.o
 .bss           0x000000000000c6e8        0x0 tests/xori.o
 .riscv.attributes
                0x000000000000c6e8       0x1f tests/xori.o
 *fill*         0x000000000000c707        0x1 
 .data          0x000000000000c708        0x0 tests/sll.o
 .bss           0x000000000000c708        0x0 tests/sll.o
 .riscv.attributes
                0x000000000000c708       0x1f tests/sll.o
 *fill*         0x000000000000c727        0x1 
 .data          0x000000000000c728        0x0 tests/mulhu.o
 .bss           0x000000000000c728        0x0 tests/mulhu.o
 .riscv.attributes
                0x000000000000c728       0x1f tests/mulhu.o
 *fill*         0x000000000000c747        0x1 
 .data          0x000000000000c748        0x0 tests/slti.o
 .bss           0x000000000000c748        0x0 tests/slti.o
 .riscv.attributes
                0x000000000000c748       0x1f tests/slti.o
 *fill*         0x000000000000c767        0x1 
 .data          0x000000000000c768        0x0 tests/slt.o
 .bss           0x000000000000c768        0x0 tests/slt.o
 .riscv.attributes
                0x000000000000c768       0x1f tests/slt.o
 *fill*         0x000000000000c787        0x1 
 .data          0x000000000000c788        0x4 tests/lbu.o
 .bss           0x000000000000c78c        0x0 tests/lbu.o
 .riscv.attributes
                0x000000000000c78c       0x1f tests/lbu.o
 *fill*         0x000000000000c7ab        0x1 
 .data          0x000000000000c7ac        0x8 tests/lhu.o
 .bss           0x000000000000c7b4        0x0 tests/lhu.o
 .riscv.attributes
                0x000000000000c7b4       0x1f tests/lhu.o
 *fill*         0x000000000000c7d3        0x1 
 .data          0x000000000000c7d4        0x0 tests/lui.o
 .bss           0x000000000000c7d4        0x0 tests/lui.o
 .riscv.attributes
                0x000000000000c7d4       0x1f tests/lui.o
 *fill*         0x000000000000c7f3        0x1 
 .data          0x000000000000c7f4        0x0 tests/bltu.o
 .bss           0x000000000000c7f4        0x0 tests/bltu.o
 .riscv.attributes
                0x000000000000c7f4       0x1f tests/bltu.o
 *fill*         0x000000000000c813        0x1 
 .data          0x000000000000c814        0x0 tests/remu.o
 .bss           0x000000000000c814        0x0 tests/remu.o
 .riscv.attributes
                0x000000000000c814       0x1f tests/remu.o
 *fill*         0x000000000000c833        0x1 
 .data          0x000000000000c834        0x0 tests/simple.o
 .bss           0x000000000000c834        0x0 tests/simple.o
 .riscv.attributes
                0x000000000000c834       0x1f tests/simple.o
 *fill*         0x000000000000c853        0x1 
 .data          0x000000000000c854        0x0 tests/slli.o
 .bss           0x000000000000c854        0x0 tests/slli.o
 .riscv.attributes
                0x000000000000c854       0x1f tests/slli.o
 *fill*         0x000000000000c873        0x1 
 .data          0x000000000000c874        0x0 tests/andi.o
 .bss           0x000000000000c874        0x0 tests/andi.o
 .riscv.attributes
                0x000000000000c874       0x1f tests/andi.o
 *fill*         0x000000000000c893        0x1 
 .data          0x000000000000c894        0x0 tests/ori.o
 .bss           0x000000000000c894        0x0 tests/ori.o
 .riscv.attributes
                0x000000000000c894       0x1f tests/ori.o
 *fill*         0x000000000000c8b3        0x1 
 .data          0x000000000000c8b4        0x8 tests/lh.o
 .bss           0x000000000000c8bc        0x0 tests/lh.o
 .riscv.attributes
                0x000000000000c8bc       0x1f tests/lh.o
 *fill*         0x000000000000c8db        0x1 
 .data          0x000000000000c8dc        0x0 tests/srl.o
 .bss           0x000000000000c8dc        0x0 tests/srl.o
 .riscv.attributes
                0x000000000000c8dc       0x1f tests/srl.o
 *fill*         0x000000000000c8fb        0x1 
 .data          0x000000000000c8fc        0x0 tests/jal.o
 .bss           0x000000000000c8fc        0x0 tests/jal.o
 .riscv.attributes
                0x000000000000c8fc       0x1f tests/jal.o
 *fill*         0x000000000000c91b        0x1 
 .data          0x000000000000c91c        0x0 tests/add.o
 .bss           0x000000000000c91c        0x0 tests/add.o
 .riscv.attributes
                0x000000000000c91c       0x1f tests/add.o
 *fill*         0x000000000000c93b        0x1 
 .data          0x000000000000c93c        0x0 tests/and.o
 .bss           0x000000000000c93c        0x0 tests/and.o
 .riscv.attributes
                0x000000000000c93c       0x1f tests/and.o
 *fill*         0x000000000000c95b        0x1 
 .data          0x000000000000c95c        0x0 tests/srli.o
 .bss           0x000000000000c95c        0x0 tests/srli.o
 .riscv.attributes
                0x000000000000c95c       0x1f tests/srli.o
 *fill*         0x000000000000c97b        0x1 
 .data          0x000000000000c97c        0x0 tests/j.o
 .bss           0x000000000000c97c        0x0 tests/j.o
 .riscv.attributes
                0x000000000000c97c       0x1f tests/j.o
 *fill*         0x000000000000c99b        0x1 
 .data          0x000000000000c99c        0x0 tests/bne.o
 .bss           0x000000000000c99c        0x0 tests/bne.o
 .riscv.attributes
                0x000000000000c99c       0x1f tests/bne.o
 *fill*         0x000000000000c9bb        0x1 
 .data          0x000000000000c9bc        0x0 tests/bge.o
 .bss           0x000000000000c9bc        0x0 tests/bge.o
 .riscv.attributes
                0x000000000000c9bc       0x1f tests/bge.o
 *fill*         0x000000000000c9db        0x1 
 .data          0x000000000000c9dc        0x0 tests/rem.o
 .bss           0x000000000000c9dc        0x0 tests/rem.o
 .riscv.attributes
                0x000000000000c9dc       0x1f tests/rem.o
 *fill*         0x000000000000c9fb        0x1 
 .data          0x000000000000c9fc        0x0 tests/mulh.o
 .bss           0x000000000000c9fc        0x0 tests/mulh.o
 .riscv.attributes
                0x000000000000c9fc       0x1f tests/mulh.o
 *fill*         0x000000000000ca1b        0x1 
 .data          0x000000000000ca1c        0x0 tests/mulhsu.o
 .bss           0x000000000000ca1c        0x0 tests/mulhsu.o
 .riscv.attributes
                0x000000000000ca1c       0x1f tests/mulhsu.o
 .data          0x000000000000ca3b        0x0 /opt/tools/riscv/lib/gcc/riscv32-unknown-elf/8.3.0/libgcc.a(_divdi3.o)
 .bss           0x000000000000ca3b        0x0 /opt/tools/riscv/lib/gcc/riscv32-unknown-elf/8.3.0/libgcc.a(_divdi3.o)
 .comment       0x000000000000ca3b       0x12 /opt/tools/riscv/lib/gcc/riscv32-unknown-elf/8.3.0/libgcc.a(_divdi3.o)
 *fill*         0x000000000000ca3b        0x1 
 .eh_frame      0x000000000000ca3c       0x64 /opt/tools/riscv/lib/gcc/riscv32-unknown-elf/8.3.0/libgcc.a(_divdi3.o)
 .riscv.attributes
                0x000000000000caa0       0x1c /opt/tools/riscv/lib/gcc/riscv32-unknown-elf/8.3.0/libgcc.a(_divdi3.o)
 .data          0x000000000000cabc        0x0 /opt/tools/riscv/lib/gcc/riscv32-unknown-elf/8.3.0/libgcc.a(_moddi3.o)
 .bss           0x000000000000cabc        0x0 /opt/tools/riscv/lib/gcc/riscv32-unknown-elf/8.3.0/libgcc.a(_moddi3.o)
 .comment       0x000000000000cabc       0x12 /opt/tools/riscv/lib/gcc/riscv32-unknown-elf/8.3.0/libgcc.a(_moddi3.o)
 .eh_frame      0x000000000000cabc       0x68 /opt/tools/riscv/lib/gcc/riscv32-unknown-elf/8.3.0/libgcc.a(_moddi3.o)
 .riscv.attributes
                0x000000000000cb24       0x1c /opt/tools/riscv/lib/gcc/riscv32-unknown-elf/8.3.0/libgcc.a(_moddi3.o)
 .data          0x000000000000cb40        0x0 /opt/tools/riscv/lib/gcc/riscv32-unknown-elf/8.3.0/libgcc.a(_udivdi3.o)
 .bss           0x000000000000cb40        0x0 /opt/tools/riscv/lib/gcc/riscv32-unknown-elf/8.3.0/libgcc.a(_udivdi3.o)
 .comment       0x000000000000cb40       0x12 /opt/tools/riscv/lib/gcc/riscv32-unknown-elf/8.3.0/libgcc.a(_udivdi3.o)
 .eh_frame      0x000000000000cb40       0x60 /opt/tools/riscv/lib/gcc/riscv32-unknown-elf/8.3.0/libgcc.a(_udivdi3.o)
 .riscv.attributes
                0x000000000000cba0       0x1c /opt/tools/riscv/lib/gcc/riscv32-unknown-elf/8.3.0/libgcc.a(_udivdi3.o)
 .data          0x000000000000cbbc        0x0 /opt/tools/riscv/lib/gcc/riscv32-unknown-elf/8.3.0/libgcc.a(_umoddi3.o)
 .bss           0x000000000000cbbc        0x0 /opt/tools/riscv/lib/gcc/riscv32-unknown-elf/8.3.0/libgcc.a(_umoddi3.o)
 .comment       0x000000000000cbbc       0x12 /opt/tools/riscv/lib/gcc/riscv32-unknown-elf/8.3.0/libgcc.a(_umoddi3.o)
 .eh_frame      0x000000000000cbbc       0x64 /opt/tools/riscv/lib/gcc/riscv32-unknown-elf/8.3.0/libgcc.a(_umoddi3.o)
 .riscv.attributes
                0x000000000000cc20       0x1c /opt/tools/riscv/lib/gcc/riscv32-unknown-elf/8.3.0/libgcc.a(_umoddi3.o)
 .data          0x000000000000cc3c        0x0 /opt/tools/riscv/lib/gcc/riscv32-unknown-elf/8.3.0/libgcc.a(muldi3.o)
 .bss           0x000000000000cc3c        0x0 /opt/tools/riscv/lib/gcc/riscv32-unknown-elf/8.3.0/libgcc.a(muldi3.o)
 .riscv.attributes
                0x000000000000cc3c       0x1a /opt/tools/riscv/lib/gcc/riscv32-unknown-elf/8.3.0/libgcc.a(muldi3.o)
 .data          0x000000000000cc56        0x0 /opt/tools/riscv/lib/gcc/riscv32-unknown-elf/8.3.0/libgcc.a(multi3.o)
 .bss           0x000000000000cc56        0x0 /opt/tools/riscv/lib/gcc/riscv32-unknown-elf/8.3.0/libgcc.a(multi3.o)
 .comment       0x000000000000cc56       0x12 /opt/tools/riscv/lib/gcc/riscv32-unknown-elf/8.3.0/libgcc.a(multi3.o)
 .riscv.attributes
                0x000000000000cc56       0x1c /opt/tools/riscv/lib/gcc/riscv32-unknown-elf/8.3.0/libgcc.a(multi3.o)
 .data          0x000000000000cc72        0x0 /opt/tools/riscv/lib/gcc/riscv32-unknown-elf/8.3.0/libgcc.a(div.o)
 .bss           0x000000000000cc72        0x0 /opt/tools/riscv/lib/gcc/riscv32-unknown-elf/8.3.0/libgcc.a(div.o)
 .riscv.attributes
                0x000000000000cc72       0x1a /opt/tools/riscv/lib/gcc/riscv32-unknown-elf/8.3.0/libgcc.a(div.o)
 .data          0x000000000000cc8c        0x0 /opt/tools/riscv/lib/gcc/riscv32-unknown-elf/8.3.0/libgcc.a(_clz.o)
 .bss           0x000000000000cc8c        0x0 /opt/tools/riscv/lib/gcc/riscv32-unknown-elf/8.3.0/libgcc.a(_clz.o)
 .rodata        0x000000000000cc8c      0x100 /opt/tools/riscv/lib/gcc/riscv32-unknown-elf/8.3.0/libgcc.a(_clz.o)
                0x000000000000cc8c                __clz_tab
 .comment       0x000000000000cd8c       0x12 /opt/tools/riscv/lib/gcc/riscv32-unknown-elf/8.3.0/libgcc.a(_clz.o)
 .riscv.attributes
                0x000000000000cd8c       0x1c /opt/tools/riscv/lib/gcc/riscv32-unknown-elf/8.3.0/libgcc.a(_clz.o)
                0x000000000000cda8                end = .
                0x000000000000cda8                . = ALIGN (0x4)
LOAD firmware/start.o
LOAD firmware/irq.o
LOAD firmware/print.o
LOAD firmware/hello.o
LOAD firmware/sieve.o
LOAD firmware/multest.o
LOAD firmware/stats.o
LOAD tests/xor.o
LOAD tests/or.o
LOAD tests/sh.o
LOAD tests/sub.o
LOAD tests/lb.o
LOAD tests/sra.o
LOAD tests/blt.o
LOAD tests/srai.o
LOAD tests/beq.o
LOAD tests/addi.o
LOAD tests/mul.o
LOAD tests/divu.o
LOAD tests/lw.o
LOAD tests/div.o
LOAD tests/auipc.o
LOAD tests/sb.o
LOAD tests/bgeu.o
LOAD tests/jalr.o
LOAD tests/sw.o
LOAD tests/xori.o
LOAD tests/sll.o
LOAD tests/mulhu.o
LOAD tests/slti.o
LOAD tests/slt.o
LOAD tests/lbu.o
LOAD tests/lhu.o
LOAD tests/lui.o
LOAD tests/bltu.o
LOAD tests/remu.o
LOAD tests/simple.o
LOAD tests/slli.o
LOAD tests/andi.o
LOAD tests/ori.o
LOAD tests/lh.o
LOAD tests/srl.o
LOAD tests/jal.o
LOAD tests/add.o
LOAD tests/and.o
LOAD tests/srli.o
LOAD tests/j.o
LOAD tests/bne.o
LOAD tests/bge.o
LOAD tests/rem.o
LOAD tests/mulh.o
LOAD tests/mulhsu.o
LOAD /opt/tools/riscv/lib/gcc/riscv32-unknown-elf/8.3.0/libgcc.a
OUTPUT(firmware/firmware.elf elf32-littleriscv)
